.next/dev/types/validator.ts(405,31): error TS2344: Type 'typeof import("C:/Users/NicolasFigueroa/Desktop/Kinesiologia/Kinesiologia-Estetica-2/src/app/api/user/[id]/route")' does not satisfy the constraint 'RouteHandlerConfig<"/api/user/[id]">'.
  Types of property 'GET' are incompatible.
    Type '(req: Request, { params }: { params: { id: string; }; }) => Promise<Response>' is not assignable to type '(request: NextRequest, context: { params: Promise<{ id: string; }>; }) => void | Response | Promise<void | Response>'.
      Types of parameters '__1' and 'context' are incompatible.
        Type '{ params: Promise<{ id: string; }>; }' is not assignable to type '{ params: { id: string; }; }'.
          Types of property 'params' are incompatible.
            Property 'id' is missing in type 'Promise<{ id: string; }>' but required in type '{ id: string; }'.
.next/dev/types/validator.ts(423,31): error TS2344: Type 'typeof import("C:/Users/NicolasFigueroa/Desktop/Kinesiologia/Kinesiologia-Estetica-2/src/app/api/zonas-por-tratamiento/[id]/route")' does not satisfy the constraint 'RouteHandlerConfig<"/api/zonas-por-tratamiento/[id]">'.
  Types of property 'GET' are incompatible.
    Type '(_req: NextRequest, { params }: { params: { id: string; }; }) => Promise<Response>' is not assignable to type '(request: NextRequest, context: { params: Promise<{ id: string; }>; }) => void | Response | Promise<void | Response>'.
      Types of parameters '__1' and 'context' are incompatible.
        Type '{ params: Promise<{ id: string; }>; }' is not assignable to type '{ params: { id: string; }; }'.
          Types of property 'params' are incompatible.
            Property 'id' is missing in type 'Promise<{ id: string; }>' but required in type '{ id: string; }'.
.next/types/validator.ts(360,31): error TS2344: Type 'typeof import("C:/Users/NicolasFigueroa/Desktop/Kinesiologia/Kinesiologia-Estetica-2/src/app/api/user/[id]/route")' does not satisfy the constraint 'RouteHandlerConfig<"/api/user/[id]">'.
  Types of property 'GET' are incompatible.
    Type '(req: Request, { params }: { params: { id: string; }; }) => Promise<Response>' is not assignable to type '(request: NextRequest, context: { params: Promise<{ id: string; }>; }) => void | Response | Promise<void | Response>'.
      Types of parameters '__1' and 'context' are incompatible.
        Type '{ params: Promise<{ id: string; }>; }' is not assignable to type '{ params: { id: string; }; }'.
          Types of property 'params' are incompatible.
            Property 'id' is missing in type 'Promise<{ id: string; }>' but required in type '{ id: string; }'.
.next/types/validator.ts(378,31): error TS2344: Type 'typeof import("C:/Users/NicolasFigueroa/Desktop/Kinesiologia/Kinesiologia-Estetica-2/src/app/api/zonas-por-tratamiento/[id]/route")' does not satisfy the constraint 'RouteHandlerConfig<"/api/zonas-por-tratamiento/[id]">'.
  Types of property 'GET' are incompatible.
    Type '(_req: NextRequest, { params }: { params: { id: string; }; }) => Promise<Response>' is not assignable to type '(request: NextRequest, context: { params: Promise<{ id: string; }>; }) => void | Response | Promise<void | Response>'.
      Types of parameters '__1' and 'context' are incompatible.
        Type '{ params: Promise<{ id: string; }>; }' is not assignable to type '{ params: { id: string; }; }'.
          Types of property 'params' are incompatible.
            Property 'id' is missing in type 'Promise<{ id: string; }>' but required in type '{ id: string; }'.
src/app/admin/citas/page.tsx(920,54): error TS18047: 'cell.ymd' is possibly 'null'.
src/app/api/appointment/[id]/route.ts(27,18): error TS2339: Property 'get' does not exist on type 'Promise<ReadonlyRequestCookies>'.
src/app/api/appointment/route.ts(28,18): error TS2339: Property 'get' does not exist on type 'Promise<ReadonlyRequestCookies>'.
src/app/api/appointment/user/route.ts(17,18): error TS2339: Property 'get' does not exist on type 'Promise<ReadonlyRequestCookies>'.
src/app/api/availability/route.ts(24,18): error TS2339: Property 'get' does not exist on type 'Promise<ReadonlyRequestCookies>'.
src/app/api/inventory/route.ts(26,18): error TS2339: Property 'get' does not exist on type 'Promise<ReadonlyRequestCookies>'.
src/app/api/users/route.ts(17,18): error TS2339: Property 'get' does not exist on type 'Promise<ReadonlyRequestCookies>'.
src/app/carrito/page.tsx(65,27): error TS2339: Property 'cantidad' does not exist on type 'CartItem'.
  Property 'cantidad' does not exist on type 'CartItemCita'.
src/app/carrito/page.tsx(66,29): error TS2339: Property 'precioUnitario' does not exist on type 'CartItem'.
  Property 'precioUnitario' does not exist on type 'CartItemCita'.
src/app/carrito/page.tsx(82,22): error TS2339: Property 'nombre' does not exist on type 'CartItem'.
  Property 'nombre' does not exist on type 'CartItemCita'.
src/app/carrito/page.tsx(83,25): error TS2339: Property 'cantidad' does not exist on type 'CartItem'.
  Property 'cantidad' does not exist on type 'CartItemCita'.
src/app/carrito/page.tsx(84,27): error TS2339: Property 'precioUnitario' does not exist on type 'CartItem'.
  Property 'precioUnitario' does not exist on type 'CartItemCita'.
src/app/carrito/page.tsx(96,15): error TS2339: Property 'nuevaCita' does not exist on type 'CartItem'.
  Property 'nuevaCita' does not exist on type 'CartItemProducto'.
src/app/carrito/page.tsx(98,38): error TS2339: Property 'fecha' does not exist on type 'CartItem'.
  Property 'fecha' does not exist on type 'CartItemProducto'.
src/app/carrito/page.tsx(98,49): error TS2339: Property 'hora' does not exist on type 'CartItem'.
  Property 'hora' does not exist on type 'CartItemProducto'.
src/app/carrito/page.tsx(99,26): error TS2339: Property 'tratamiento' does not exist on type 'CartItem'.
  Property 'tratamiento' does not exist on type 'CartItemProducto'.
src/app/carrito/page.tsx(100,40): error TS2339: Property 'sesiones' does not exist on type 'CartItem'.
  Property 'sesiones' does not exist on type 'CartItemProducto'.
src/app/carrito/page.tsx(100,53): error TS2339: Property 'zona' does not exist on type 'CartItem'.
  Property 'zona' does not exist on type 'CartItemProducto'.
src/app/carrito/page.tsx(100,74): error TS2339: Property 'zona' does not exist on type 'CartItem'.
  Property 'zona' does not exist on type 'CartItemProducto'.
src/app/carrito/page.tsx(105,23): error TS2339: Property 'sesiones' does not exist on type 'CartItem'.
  Property 'sesiones' does not exist on type 'CartItemProducto'.
src/app/carrito/page.tsx(133,38): error TS2339: Property 'tratamiento' does not exist on type 'CartItem'.
  Property 'tratamiento' does not exist on type 'CartItemProducto'.
src/app/carrito/page.tsx(135,27): error TS2339: Property 'precioAgenda' does not exist on type 'CartItem'.
  Property 'precioAgenda' does not exist on type 'CartItemProducto'.
src/app/carrito/page.tsx(260,32): error TS2339: Property 'imagen_url' does not exist on type 'CartItem'.
  Property 'imagen_url' does not exist on type 'CartItemCita'.
src/app/carrito/page.tsx(262,40): error TS2339: Property 'imagen_url' does not exist on type 'CartItem'.
  Property 'imagen_url' does not exist on type 'CartItemCita'.
src/app/carrito/page.tsx(263,40): error TS2339: Property 'nombre' does not exist on type 'CartItem'.
  Property 'nombre' does not exist on type 'CartItemCita'.
src/app/carrito/page.tsx(269,38): error TS2339: Property 'nombre' does not exist on type 'CartItem'.
  Property 'nombre' does not exist on type 'CartItemCita'.
src/app/carrito/page.tsx(274,34): error TS2339: Property 'nombre' does not exist on type 'CartItem'.
  Property 'nombre' does not exist on type 'CartItemCita'.
src/app/carrito/page.tsx(284,49): error TS2339: Property 'cantidad' does not exist on type 'CartItem'.
  Property 'cantidad' does not exist on type 'CartItemCita'.
src/app/carrito/page.tsx(294,40): error TS2339: Property 'cantidad' does not exist on type 'CartItem'.
  Property 'cantidad' does not exist on type 'CartItemCita'.
src/app/carrito/page.tsx(305,63): error TS2339: Property 'cantidad' does not exist on type 'CartItem'.
  Property 'cantidad' does not exist on type 'CartItemCita'.
src/app/carrito/page.tsx(314,32): error TS2339: Property 'precioUnitario' does not exist on type 'CartItem'.
  Property 'precioUnitario' does not exist on type 'CartItemCita'.
src/app/carrito/page.tsx(314,51): error TS2339: Property 'cantidad' does not exist on type 'CartItem'.
  Property 'cantidad' does not exist on type 'CartItemCita'.
src/app/carrito/page.tsx(333,38): error TS2339: Property 'tratamiento' does not exist on type 'CartItem'.
  Property 'tratamiento' does not exist on type 'CartItemProducto'.
src/app/carrito/page.tsx(338,45): error TS2339: Property 'tratamiento' does not exist on type 'CartItem'.
  Property 'tratamiento' does not exist on type 'CartItemProducto'.
src/app/carrito/page.tsx(344,43): error TS2339: Property 'tratamiento' does not exist on type 'CartItem'.
  Property 'tratamiento' does not exist on type 'CartItemProducto'.
src/app/carrito/page.tsx(351,39): error TS2339: Property 'tratamiento' does not exist on type 'CartItem'.
  Property 'tratamiento' does not exist on type 'CartItemProducto'.
src/app/carrito/page.tsx(353,37): error TS2339: Property 'zona' does not exist on type 'CartItem'.
  Property 'zona' does not exist on type 'CartItemProducto'.
src/app/carrito/page.tsx(355,47): error TS2339: Property 'zona' does not exist on type 'CartItem'.
  Property 'zona' does not exist on type 'CartItemProducto'.
src/app/carrito/page.tsx(364,57): error TS2339: Property 'fecha' does not exist on type 'CartItem'.
  Property 'fecha' does not exist on type 'CartItemProducto'.
src/app/carrito/page.tsx(376,37): error TS2339: Property 'hora' does not exist on type 'CartItem'.
  Property 'hora' does not exist on type 'CartItemProducto'.
src/app/carrito/page.tsx(382,35): error TS2339: Property 'sesiones' does not exist on type 'CartItem'.
  Property 'sesiones' does not exist on type 'CartItemProducto'.
src/app/carrito/page.tsx(385,36): error TS2339: Property 'precioAgenda' does not exist on type 'CartItem'.
  Property 'precioAgenda' does not exist on type 'CartItemProducto'.
src/app/pago/page.tsx(27,43): error TS2339: Property 'nuevaCita' does not exist on type 'CartItem'.
  Property 'nuevaCita' does not exist on type 'CartItemProducto'.
src/app/pago/page.tsx(77,57): error TS2339: Property 'tratamiento' does not exist on type 'CartItem'.
  Property 'tratamiento' does not exist on type 'CartItemProducto'.
src/app/pago/page.tsx(77,73): error TS2339: Property 'zona' does not exist on type 'CartItem'.
  Property 'zona' does not exist on type 'CartItemProducto'.
src/app/pago/page.tsx(77,89): error TS2339: Property 'zona' does not exist on type 'CartItem'.
  Property 'zona' does not exist on type 'CartItemProducto'.
src/app/pago/page.tsx(77,107): error TS2339: Property 'sesiones' does not exist on type 'CartItem'.
  Property 'sesiones' does not exist on type 'CartItemProducto'.
src/app/productos/page.tsx(105,51): error TS7006: Parameter 'p' implicitly has an 'any' type.
src/components/Chatbot.tsx(66,41): error TS2339: Property 'name' does not exist on type 'User'.
src/services/inventoryService.ts(87,49): error TS2339: Property 'data' does not exist on type '{}'.
